Archive member included to satisfy reference by file (symbol)

C:/ST/STM32CubeIDE_1.16.0/STM32CubeIDE/plugins/com.st.stm32cube.ide.mcu.externaltools.gnu-tools-for-stm32.12.3.rel1.win32_1.0.200.202406191623/tools/bin/../lib/gcc/arm-none-eabi/12.3.1/../../../../arm-none-eabi/lib/thumb/v6-m/nofp\libc_nano.a(libc_a-exit.o)
                              C:/ST/STM32CubeIDE_1.16.0/STM32CubeIDE/plugins/com.st.stm32cube.ide.mcu.externaltools.gnu-tools-for-stm32.12.3.rel1.win32_1.0.200.202406191623/tools/bin/../lib/gcc/arm-none-eabi/12.3.1/../../../../arm-none-eabi/lib/thumb/v6-m/nofp/crt0.o (exit)
C:/ST/STM32CubeIDE_1.16.0/STM32CubeIDE/plugins/com.st.stm32cube.ide.mcu.externaltools.gnu-tools-for-stm32.12.3.rel1.win32_1.0.200.202406191623/tools/bin/../lib/gcc/arm-none-eabi/12.3.1/../../../../arm-none-eabi/lib/thumb/v6-m/nofp\libc_nano.a(libc_a-findfp.o)
                              C:/ST/STM32CubeIDE_1.16.0/STM32CubeIDE/plugins/com.st.stm32cube.ide.mcu.externaltools.gnu-tools-for-stm32.12.3.rel1.win32_1.0.200.202406191623/tools/bin/../lib/gcc/arm-none-eabi/12.3.1/../../../../arm-none-eabi/lib/thumb/v6-m/nofp\libc_nano.a(libc_a-exit.o) (__stdio_exit_handler)
C:/ST/STM32CubeIDE_1.16.0/STM32CubeIDE/plugins/com.st.stm32cube.ide.mcu.externaltools.gnu-tools-for-stm32.12.3.rel1.win32_1.0.200.202406191623/tools/bin/../lib/gcc/arm-none-eabi/12.3.1/../../../../arm-none-eabi/lib/thumb/v6-m/nofp\libc_nano.a(libc_a-fwalk.o)
                              C:/ST/STM32CubeIDE_1.16.0/STM32CubeIDE/plugins/com.st.stm32cube.ide.mcu.externaltools.gnu-tools-for-stm32.12.3.rel1.win32_1.0.200.202406191623/tools/bin/../lib/gcc/arm-none-eabi/12.3.1/../../../../arm-none-eabi/lib/thumb/v6-m/nofp\libc_nano.a(libc_a-findfp.o) (_fwalk_sglue)
C:/ST/STM32CubeIDE_1.16.0/STM32CubeIDE/plugins/com.st.stm32cube.ide.mcu.externaltools.gnu-tools-for-stm32.12.3.rel1.win32_1.0.200.202406191623/tools/bin/../lib/gcc/arm-none-eabi/12.3.1/../../../../arm-none-eabi/lib/thumb/v6-m/nofp\libc_nano.a(libc_a-stdio.o)
                              C:/ST/STM32CubeIDE_1.16.0/STM32CubeIDE/plugins/com.st.stm32cube.ide.mcu.externaltools.gnu-tools-for-stm32.12.3.rel1.win32_1.0.200.202406191623/tools/bin/../lib/gcc/arm-none-eabi/12.3.1/../../../../arm-none-eabi/lib/thumb/v6-m/nofp\libc_nano.a(libc_a-findfp.o) (__sread)
C:/ST/STM32CubeIDE_1.16.0/STM32CubeIDE/plugins/com.st.stm32cube.ide.mcu.externaltools.gnu-tools-for-stm32.12.3.rel1.win32_1.0.200.202406191623/tools/bin/../lib/gcc/arm-none-eabi/12.3.1/../../../../arm-none-eabi/lib/thumb/v6-m/nofp\libc_nano.a(libc_a-memset.o)
                              C:/ST/STM32CubeIDE_1.16.0/STM32CubeIDE/plugins/com.st.stm32cube.ide.mcu.externaltools.gnu-tools-for-stm32.12.3.rel1.win32_1.0.200.202406191623/tools/bin/../lib/gcc/arm-none-eabi/12.3.1/../../../../arm-none-eabi/lib/thumb/v6-m/nofp/crt0.o (memset)
C:/ST/STM32CubeIDE_1.16.0/STM32CubeIDE/plugins/com.st.stm32cube.ide.mcu.externaltools.gnu-tools-for-stm32.12.3.rel1.win32_1.0.200.202406191623/tools/bin/../lib/gcc/arm-none-eabi/12.3.1/../../../../arm-none-eabi/lib/thumb/v6-m/nofp\libc_nano.a(libc_a-closer.o)
                              C:/ST/STM32CubeIDE_1.16.0/STM32CubeIDE/plugins/com.st.stm32cube.ide.mcu.externaltools.gnu-tools-for-stm32.12.3.rel1.win32_1.0.200.202406191623/tools/bin/../lib/gcc/arm-none-eabi/12.3.1/../../../../arm-none-eabi/lib/thumb/v6-m/nofp\libc_nano.a(libc_a-stdio.o) (_close_r)
C:/ST/STM32CubeIDE_1.16.0/STM32CubeIDE/plugins/com.st.stm32cube.ide.mcu.externaltools.gnu-tools-for-stm32.12.3.rel1.win32_1.0.200.202406191623/tools/bin/../lib/gcc/arm-none-eabi/12.3.1/../../../../arm-none-eabi/lib/thumb/v6-m/nofp\libc_nano.a(libc_a-reent.o)
                              C:/ST/STM32CubeIDE_1.16.0/STM32CubeIDE/plugins/com.st.stm32cube.ide.mcu.externaltools.gnu-tools-for-stm32.12.3.rel1.win32_1.0.200.202406191623/tools/bin/../lib/gcc/arm-none-eabi/12.3.1/../../../../arm-none-eabi/lib/thumb/v6-m/nofp\libc_nano.a(libc_a-closer.o) (errno)
C:/ST/STM32CubeIDE_1.16.0/STM32CubeIDE/plugins/com.st.stm32cube.ide.mcu.externaltools.gnu-tools-for-stm32.12.3.rel1.win32_1.0.200.202406191623/tools/bin/../lib/gcc/arm-none-eabi/12.3.1/../../../../arm-none-eabi/lib/thumb/v6-m/nofp\libc_nano.a(libc_a-impure.o)
                              C:/ST/STM32CubeIDE_1.16.0/STM32CubeIDE/plugins/com.st.stm32cube.ide.mcu.externaltools.gnu-tools-for-stm32.12.3.rel1.win32_1.0.200.202406191623/tools/bin/../lib/gcc/arm-none-eabi/12.3.1/../../../../arm-none-eabi/lib/thumb/v6-m/nofp\libc_nano.a(libc_a-reent.o) (_impure_ptr)
C:/ST/STM32CubeIDE_1.16.0/STM32CubeIDE/plugins/com.st.stm32cube.ide.mcu.externaltools.gnu-tools-for-stm32.12.3.rel1.win32_1.0.200.202406191623/tools/bin/../lib/gcc/arm-none-eabi/12.3.1/../../../../arm-none-eabi/lib/thumb/v6-m/nofp\libc_nano.a(libc_a-lseekr.o)
[...]
Memory Configuration

Name             Origin             Length             Attributes
RAM              0x20000000         0x00001800         xrw
FLASH            0x08000000         0x00004000         xr
*default*        0x00000000         0xffffffff

Linker script and memory map

LOAD C:/ST/STM32CubeIDE_1.16.0/STM32CubeIDE/plugins/com.st.stm32cube.ide.mcu.externaltools.gnu-tools-for-stm32.12.3.rel1.win32_1.0.200.202406191623/tools/bin/../lib/gcc/arm-none-eabi/12.3.1/thumb/v6-m/nofp/crti.o
LOAD C:/ST/STM32CubeIDE_1.16.0/STM32CubeIDE/plugins/com.st.stm32cube.ide.mcu.externaltools.gnu-tools-for-stm32.12.3.rel1.win32_1.0.200.202406191623/tools/bin/../lib/gcc/arm-none-eabi/12.3.1/thumb/v6-m/nofp/crtbegin.o
LOAD C:/ST/STM32CubeIDE_1.16.0/STM32CubeIDE/plugins/com.st.stm32cube.ide.mcu.externaltools.gnu-tools-for-stm32.12.3.rel1.win32_1.0.200.202406191623/tools/bin/../lib/gcc/arm-none-eabi/12.3.1/../../../../arm-none-eabi/lib/thumb/v6-m/nofp/crt0.o
LOAD ./Core/Src/cc1101.o
LOAD ./Core/Src/gpio.o
LOAD ./Core/Src/main.o
LOAD ./Core/Src/spi.o
LOAD ./Core/Src/stm32c0xx_hal_msp.o
LOAD ./Core/Src/stm32c0xx_it.o
LOAD ./Core/Src/syscalls.o
LOAD ./Core/Src/sysmem.o
LOAD ./Core/Src/system_stm32c0xx.o
LOAD ./Core/Src/usart.o
LOAD ./Core/Startup/startup_stm32c011f4px.o
LOAD ./Drivers/STM32C0xx_HAL_Driver/stm32c0xx_hal.o
LOAD ./Drivers/STM32C0xx_HAL_Driver/stm32c0xx_hal_cortex.o
LOAD ./Drivers/STM32C0xx_HAL_Driver/stm32c0xx_hal_dma.o
LOAD ./Drivers/STM32C0xx_HAL_Driver/stm32c0xx_hal_dma_ex.o
LOAD ./Drivers/STM32C0xx_HAL_Driver/stm32c0xx_hal_exti.o
LOAD ./Drivers/STM32C0xx_HAL_Driver/stm32c0xx_hal_flash.o
LOAD ./Drivers/STM32C0xx_HAL_Driver/stm32c0xx_hal_flash_ex.o
LOAD ./Drivers/STM32C0xx_HAL_Driver/stm32c0xx_hal_gpio.o
LOAD ./Drivers/STM32C0xx_HAL_Driver/stm32c0xx_hal_pwr.o
LOAD ./Drivers/STM32C0xx_HAL_Driver/stm32c0xx_hal_pwr_ex.o
LOAD ./Drivers/STM32C0xx_HAL_Driver/stm32c0xx_hal_rcc.o
LOAD ./Drivers/STM32C0xx_HAL_Driver/stm32c0xx_hal_rcc_ex.o
LOAD ./Drivers/STM32C0xx_HAL_Driver/stm32c0xx_hal_spi.o
LOAD ./Drivers/STM32C0xx_HAL_Driver/stm32c0xx_hal_spi_ex.o
LOAD ./Drivers/STM32C0xx_HAL_Driver/stm32c0xx_hal_tim.o
LOAD ./Drivers/STM32C0xx_HAL_Driver/stm32c0xx_hal_tim_ex.o
LOAD ./Drivers/STM32C0xx_HAL_Driver/stm32c0xx_hal_uart.o
LOAD ./Drivers/STM32C0xx_HAL_Driver/stm32c0xx_hal_uart_ex.o
START GROUP
LOAD C:/ST/STM32CubeIDE_1.16.0/STM32CubeIDE/plugins/com.st.stm32cube.ide.mcu.externaltools.gnu-tools-for-stm32.12.3.rel1.win32_1.0.200.202406191623/tools/bin/../lib/gcc/arm-none-eabi/12.3.1/../../../../arm-none-eabi/lib/thumb/v6-m/nofp\libstdc++_nano.a
LOAD C:/ST/STM32CubeIDE_1.16.0/STM32CubeIDE/plugins/com.st.stm32cube.ide.mcu.externaltools.gnu-tools-for-stm32.12.3.rel1.win32_1.0.200.202406191623/tools/bin/../lib/gcc/arm-none-eabi/12.3.1/../../../../arm-none-eabi/lib/thumb/v6-m/nofp\libsupc++_nano.a
END GROUP
LOAD C:/ST/STM32CubeIDE_1.16.0/STM32CubeIDE/plugins/com.st.stm32cube.ide.mcu.externaltools.gnu-tools-for-stm32.12.3.rel1.win32_1.0.200.202406191623/tools/bin/../lib/gcc/arm-none-eabi/12.3.1/../../../../arm-none-eabi/lib/thumb/v6-m/nofp\libstdc++_nano.a
LOAD C:/ST/STM32CubeIDE_1.16.0/STM32CubeIDE/plugins/com.st.stm32cube.ide.mcu.externaltools.gnu-tools-for-stm32.12.3.rel1.win32_1.0.200.202406191623/tools/bin/../lib/gcc/arm-none-eabi/12.3.1/../../../../arm-none-eabi/lib/thumb/v6-m/nofp\libm.a
LOAD C:/ST/STM32CubeIDE_1.16.0/STM32CubeIDE/plugins/com.st.stm32cube.ide.mcu.externaltools.gnu-tools-for-stm32.12.3.rel1.win32_1.0.200.202406191623/tools/bin/../lib/gcc/arm-none-eabi/12.3.1/../../../../arm-none-eabi/lib/thumb/v6-m/nofp\libc_nano.a
START GROUP
LOAD C:/ST/STM32CubeIDE_1.16.0/STM32CubeIDE/plugins/com.st.stm32cube.ide.mcu.externaltools.gnu-tools-for-stm32.12.3.rel1.win32_1.0.200.202406191623/tools/bin/../lib/gcc/arm-none-eabi/12.3.1/thumb/v6-m/nofp\libgcc.a
LOAD C:/ST/STM32CubeIDE_1.16.0/STM32CubeIDE/plugins/com.st.stm32cube.ide.mcu.externaltools.gnu-tools-for-stm32.12.3.rel1.win32_1.0.200.202406191623/tools/bin/../lib/gcc/arm-none-eabi/12.3.1/../../../../arm-none-eabi/lib/thumb/v6-m/nofp\libc_nano.a
END GROUP
START GROUP
LOAD C:/ST/STM32CubeIDE_1.16.0/STM32CubeIDE/plugins/com.st.stm32cube.ide.mcu.externaltools.gnu-tools-for-stm32.12.3.rel1.win32_1.0.200.202406191623/tools/bin/../lib/gcc/arm-none-eabi/12.3.1/thumb/v6-m/nofp\libgcc.a
LOAD C:/ST/STM32CubeIDE_1.16.0/STM32CubeIDE/plugins/com.st.stm32cube.ide.mcu.externaltools.gnu-tools-for-stm32.12.3.rel1.win32_1.0.200.202406191623/tools/bin/../lib/gcc/arm-none-eabi/12.3.1/../../../../arm-none-eabi/lib/thumb/v6-m/nofp\libc_nano.a
END GROUP
LOAD C:/ST/STM32CubeIDE_1.16.0/STM32CubeIDE/plugins/com.st.stm32cube.ide.mcu.externaltools.gnu-tools-for-stm32.12.3.rel1.win32_1.0.200.202406191623/tools/bin/../lib/gcc/arm-none-eabi/12.3.1/thumb/v6-m/nofp/crtend.o
LOAD C:/ST/STM32CubeIDE_1.16.0/STM32CubeIDE/plugins/com.st.stm32cube.ide.mcu.externaltools.gnu-tools-for-stm32.12.3.rel1.win32_1.0.200.202406191623/tools/bin/../lib/gcc/arm-none-eabi/12.3.1/thumb/v6-m/nofp/crtn.o
                0x20001800                        _estack = (ORIGIN (RAM) + LENGTH (RAM))
                0x00000200                        _Min_Heap_Size = 0x200
                0x00000400                        _Min_Stack_Size = 0x400

.isr_vector     0x08000000       0xc0
                0x08000000                        . = ALIGN (0x4)
 *(.isr_vector)
 .isr_vector    0x08000000       0xc0 ./Core/Startup/startup_stm32c011f4px.o
                0x08000000                g_pfnVectors
                0x080000c0                        . = ALIGN (0x4)

.text           0x080000c0     0x3228
                0x080000c0                        . = ALIGN (0x4)
 *(.text)
 .text          0x080000c0       0x48 C:/ST/STM32CubeIDE_1.16.0/STM32CubeIDE/plugins/com.st.stm32cube.ide.mcu.externaltools.gnu-tools-for-stm32.12.3.rel1.win32_1.0.200.202406191623/tools/bin/../lib/gcc/arm-none-eabi/12.3.1/thumb/v6-m/nofp/crtbegin.o
 .text          0x08000108      0x114 C:/ST/STM32CubeIDE_1.16.0/STM32CubeIDE/plugins/com.st.stm32cube.ide.mcu.externaltools.gnu-tools-for-stm32.12.3.rel1.win32_1.0.200.202406191623/tools/bin/../lib/gcc/arm-none-eabi/12.3.1/thumb/v6-m/nofp\libgcc.a(_udivsi3.o)
                0x08000108                __aeabi_uidiv
                0x08000108                __udivsi3
                0x08000214                __aeabi_uidivmod
 .text          0x0800021c        0x4 C:/ST/STM32CubeIDE_1.16.0/STM32CubeIDE/plugins/com.st.stm32cube.ide.mcu.externaltools.gnu-tools-for-stm32.12.3.rel1.win32_1.0.200.202406191623/tools/bin/../lib/gcc/arm-none-eabi/12.3.1/thumb/v6-m/nofp\libgcc.a(_dvmd_tls.o)
                0x0800021c                __aeabi_idiv0
                0x0800021c                __aeabi_ldiv0
 *(.text*)
 .text.__spi_write
                0x08000220       0x90 ./Core/Src/cc1101.o
                0x08000220                __spi_write
 .text.__spi_read
                0x080002b0       0x80 ./Core/Src/cc1101.o
                0x080002b0                __spi_read
 .text.TI_write_reg
                0x08000330       0x26 ./Core/Src/cc1101.o
                0x08000330                TI_write_reg
 .text.TI_write_burst_reg
                0x08000356       0x3c ./Core/Src/cc1101.o
                0x08000356                TI_write_burst_reg
 .text.TI_strobe
                0x08000392       0x20 ./Core/Src/cc1101.o
                0x08000392                TI_strobe
 .text.TI_read_status
                0x080003b2       0x36 ./Core/Src/cc1101.o
                0x080003b2                TI_read_status
 .text.TI_write_settings
                0x080003e8      0x182 ./Core/Src/cc1101.o
                0x080003e8                TI_write_settings
 .text.Power_up_reset
                0x0800056a       0x7e ./Core/Src/cc1101.o
                0x0800056a                Power_up_reset
 .text.TI_init  0x080005e8       0x80 ./Core/Src/cc1101.o
                0x080005e8                TI_init
 .text.MX_GPIO_Init
                0x08000668       0xd0 ./Core/Src/gpio.o
                0x08000668                MX_GPIO_Init
 .text.main     0x08000738       0x58 ./Core/Src/main.o
                0x08000738                main
 .text.SystemClock_Config
                0x08000790       0x88 ./Core/Src/main.o
                0x08000790                SystemClock_Config
 .text.Error_Handler
                0x08000818        0xc ./Core/Src/main.o
                0x08000818                Error_Handler
 .text.MX_SPI1_Init
                0x08000824       0x7c ./Core/Src/spi.o
                0x08000824                MX_SPI1_Init
 .text.HAL_SPI_MspInit
                0x080008a0       0xc0 ./Core/Src/spi.o
                0x080008a0                HAL_SPI_MspInit
 .text.HAL_MspInit
                0x08000960       0x48 ./Core/Src/stm32c0xx_hal_msp.o
                0x08000960                HAL_MspInit
 .text.NMI_Handler
                0x080009a8        0x8 ./Core/Src/stm32c0xx_it.o
                0x080009a8                NMI_Handler
 .text.HardFault_Handler
                0x080009b0        0x8 ./Core/Src/stm32c0xx_it.o
                0x080009b0                HardFault_Handler
 .text.SVC_Handler
                0x080009b8        0xa ./Core/Src/stm32c0xx_it.o
                0x080009b8                SVC_Handler
 .text.PendSV_Handler
                0x080009c2        0xa ./Core/Src/stm32c0xx_it.o
                0x080009c2                PendSV_Handler
 .text.SysTick_Handler
                0x080009cc        0xe ./Core/Src/stm32c0xx_it.o
                0x080009cc                SysTick_Handler
 *fill*         0x080009da        0x2 
 .text.SystemInit
                0x080009dc       0x18 ./Core/Src/system_stm32c0xx.o
                0x080009dc                SystemInit
 .text.MX_USART2_UART_Init
                0x080009f4       0x68 ./Core/Src/usart.o
                0x080009f4                MX_USART2_UART_Init
 .text.HAL_UART_MspInit
                0x08000a5c       0x98 ./Core/Src/usart.o
                0x08000a5c                HAL_UART_MspInit
 .text.Reset_Handler
                0x08000af4       0x50 ./Core/Startup/startup_stm32c011f4px.o
                0x08000af4                Reset_Handler
 .text.Default_Handler
                0x08000b44        0x2 ./Core/Startup/startup_stm32c011f4px.o
                0x08000b44                TIM1_CC_IRQHandler
                0x08000b44                I2C1_IRQHandler
                0x08000b44                DMAMUX1_IRQHandler
                0x08000b44                SPI1_IRQHandler
                0x08000b44                EXTI2_3_IRQHandler
                0x08000b44                ADC1_IRQHandler
                0x08000b44                TIM17_IRQHandler
                0x08000b44                RTC_IRQHandler
                0x08000b44                TIM16_IRQHandler
                0x08000b44                TIM3_IRQHandler
                0x08000b44                EXTI4_15_IRQHandler
                0x08000b44                RCC_IRQHandler
                0x08000b44                DMA1_Channel1_IRQHandler
                0x08000b44                Default_Handler
                0x08000b44                TIM14_IRQHandler
                0x08000b44                EXTI0_1_IRQHandler
                0x08000b44                WWDG_IRQHandler
                0x08000b44                DMA1_Channel2_3_IRQHandler
                0x08000b44                USART2_IRQHandler
                0x08000b44                FLASH_IRQHandler
                0x08000b44                USART1_IRQHandler
                0x08000b44                TIM1_BRK_UP_TRG_COM_IRQHandler
 .text.HAL_Init
                0x08000b46       0x2e ./Drivers/STM32C0xx_HAL_Driver/stm32c0xx_hal.o
                0x08000b46                HAL_Init
 .text.HAL_InitTick
                0x08000b74       0x94 ./Drivers/STM32C0xx_HAL_Driver/stm32c0xx_hal.o
                0x08000b74                HAL_InitTick
 .text.HAL_IncTick
                0x08000c08       0x24 ./Drivers/STM32C0xx_HAL_Driver/stm32c0xx_hal.o
                0x08000c08                HAL_IncTick
 .text.HAL_GetTick
                0x08000c2c       0x14 ./Drivers/STM32C0xx_HAL_Driver/stm32c0xx_hal.o
                0x08000c2c                HAL_GetTick
 .text.HAL_Delay
                0x08000c40       0x48 ./Drivers/STM32C0xx_HAL_Driver/stm32c0xx_hal.o
                0x08000c40                HAL_Delay
 .text.__NVIC_SetPriority
                0x08000c88       0xdc ./Drivers/STM32C0xx_HAL_Driver/stm32c0xx_hal_cortex.o
 .text.SysTick_Config
                0x08000d64       0x48 ./Drivers/STM32C0xx_HAL_Driver/stm32c0xx_hal_cortex.o
 .text.HAL_NVIC_SetPriority
                0x08000dac       0x2a ./Drivers/STM32C0xx_HAL_Driver/stm32c0xx_hal_cortex.o
                0x08000dac                HAL_NVIC_SetPriority
 .text.HAL_SYSTICK_Config
                0x08000dd6       0x1a ./Drivers/STM32C0xx_HAL_Driver/stm32c0xx_hal_cortex.o
                0x08000dd6                HAL_SYSTICK_Config
 .text.HAL_GPIO_Init
                0x08000df0      0x2d4 ./Drivers/STM32C0xx_HAL_Driver/stm32c0xx_hal_gpio.o
                0x08000df0                HAL_GPIO_Init
 .text.HAL_GPIO_ReadPin
                0x080010c4       0x3a ./Drivers/STM32C0xx_HAL_Driver/stm32c0xx_hal_gpio.o
                0x080010c4                HAL_GPIO_ReadPin
 .text.HAL_GPIO_WritePin
                0x080010fe       0x3a ./Drivers/STM32C0xx_HAL_Driver/stm32c0xx_hal_gpio.o
                0x080010fe                HAL_GPIO_WritePin
 .text.HAL_RCC_OscConfig
                0x08001138      0x3c8 ./Drivers/STM32C0xx_HAL_Driver/stm32c0xx_hal_rcc.o
                0x08001138                HAL_RCC_OscConfig
 .text.HAL_RCC_ClockConfig
                0x08001500      0x214 ./Drivers/STM32C0xx_HAL_Driver/stm32c0xx_hal_rcc.o
                0x08001500                HAL_RCC_ClockConfig
 .text.HAL_RCC_GetSysClockFreq
                0x08001714       0xa0 ./Drivers/STM32C0xx_HAL_Driver/stm32c0xx_hal_rcc.o
                0x08001714                HAL_RCC_GetSysClockFreq
 .text.HAL_RCC_GetHCLKFreq
                0x080017b4       0x3c ./Drivers/STM32C0xx_HAL_Driver/stm32c0xx_hal_rcc.o
                0x080017b4                HAL_RCC_GetHCLKFreq
 .text.HAL_RCC_GetPCLK1Freq
                0x080017f0       0x30 ./Drivers/STM32C0xx_HAL_Driver/stm32c0xx_hal_rcc.o
                0x080017f0                HAL_RCC_GetPCLK1Freq
 .text.HAL_RCCEx_PeriphCLKConfig
                0x08001820      0x1d8 ./Drivers/STM32C0xx_HAL_Driver/stm32c0xx_hal_rcc_ex.o
                0x08001820                HAL_RCCEx_PeriphCLKConfig
 .text.HAL_SPI_Init
                0x080019f8      0x170 ./Drivers/STM32C0xx_HAL_Driver/stm32c0xx_hal_spi.o
                0x080019f8                HAL_SPI_Init
 .text.HAL_SPI_Transmit
                0x08001b68      0x306 ./Drivers/STM32C0xx_HAL_Driver/stm32c0xx_hal_spi.o
                0x08001b68                HAL_SPI_Transmit
 *fill*         0x08001e6e        0x2 
 .text.HAL_SPI_Receive
                0x08001e70      0x28c ./Drivers/STM32C0xx_HAL_Driver/stm32c0xx_hal_spi.o
                0x08001e70                HAL_SPI_Receive
 .text.HAL_SPI_TransmitReceive
                0x080020fc      0x47c ./Drivers/STM32C0xx_HAL_Driver/stm32c0xx_hal_spi.o
                0x080020fc                HAL_SPI_TransmitReceive
 .text.SPI_WaitFlagStateUntilTimeout
                0x08002578      0x11c ./Drivers/STM32C0xx_HAL_Driver/stm32c0xx_hal_spi.o
 .text.SPI_WaitFifoStateUntilTimeout
                0x08002694      0x144 ./Drivers/STM32C0xx_HAL_Driver/stm32c0xx_hal_spi.o
 .text.SPI_EndRxTransaction
                0x080027d8       0xbc ./Drivers/STM32C0xx_HAL_Driver/stm32c0xx_hal_spi.o
 .text.SPI_EndRxTxTransaction
                0x08002894       0x8c ./Drivers/STM32C0xx_HAL_Driver/stm32c0xx_hal_spi.o
 .text.HAL_UART_Init
                0x08002920       0xac ./Drivers/STM32C0xx_HAL_Driver/stm32c0xx_hal_uart.o
                0x08002920                HAL_UART_Init
 .text.HAL_UART_Transmit
                0x080029cc      0x148 ./Drivers/STM32C0xx_HAL_Driver/stm32c0xx_hal_uart.o
                0x080029cc                HAL_UART_Transmit
 .text.UART_SetConfig
                0x08002b14      0x2fc ./Drivers/STM32C0xx_HAL_Driver/stm32c0xx_hal_uart.o
                0x08002b14                UART_SetConfig
 .text.UART_AdvFeatureConfig
                0x08002e10      0x168 ./Drivers/STM32C0xx_HAL_Driver/stm32c0xx_hal_uart.o
                0x08002e10                UART_AdvFeatureConfig
 .text.UART_CheckIdleState
                0x08002f78      0x154 ./Drivers/STM32C0xx_HAL_Driver/stm32c0xx_hal_uart.o
                0x08002f78                UART_CheckIdleState
 .text.UART_WaitOnFlagUntilTimeout
                0x080030cc       0xde ./Drivers/STM32C0xx_HAL_Driver/stm32c0xx_hal_uart.o
                0x080030cc                UART_WaitOnFlagUntilTimeout
 *fill*         0x080031aa        0x2 
 .text.UART_EndRxTransfer
                0x080031ac       0xcc ./Drivers/STM32C0xx_HAL_Driver/stm32c0xx_hal_uart.o
 .text.memset   0x08003278       0x10 C:/ST/STM32CubeIDE_1.16.0/STM32CubeIDE/plugins/com.st.stm32cube.ide.mcu.externaltools.gnu-tools-for-stm32.12.3.rel1.win32_1.0.200.202406191623/tools/bin/../lib/gcc/arm-none-eabi/12.3.1/../../../../arm-none-eabi/lib/thumb/v6-m/nofp\libc_nano.a(libc_a-memset.o)
                0x08003278                memset
 .text.__libc_init_array
                0x08003288       0x48 C:/ST/STM32CubeIDE_1.16.0/STM32CubeIDE/plugins/com.st.stm32cube.ide.mcu.externaltools.gnu-tools-for-stm32.12.3.rel1.win32_1.0.200.202406191623/tools/bin/../lib/gcc/arm-none-eabi/12.3.1/../../../../arm-none-eabi/lib/thumb/v6-m/nofp\libc_nano.a(libc_a-init.o)
                0x08003288                __libc_init_array
 *(.glue_7)
 .glue_7        0x080032d0        0x0 linker stubs
 *(.glue_7t)
 .glue_7t       0x080032d0        0x0 linker stubs
 *(.eh_frame)
 .eh_frame      0x080032d0        0x0 C:/ST/STM32CubeIDE_1.16.0/STM32CubeIDE/plugins/com.st.stm32cube.ide.mcu.externaltools.gnu-tools-for-stm32.12.3.rel1.win32_1.0.200.202406191623/tools/bin/../lib/gcc/arm-none-eabi/12.3.1/thumb/v6-m/nofp/crtbegin.o
 *(.init)
 .init          0x080032d0        0x4 C:/ST/STM32CubeIDE_1.16.0/STM32CubeIDE/plugins/com.st.stm32cube.ide.mcu.externaltools.gnu-tools-for-stm32.12.3.rel1.win32_1.0.200.202406191623/tools/bin/../lib/gcc/arm-none-eabi/12.3.1/thumb/v6-m/nofp/crti.o
                0x080032d0                _init
 .init          0x080032d4        0x8 C:/ST/STM32CubeIDE_1.16.0/STM32CubeIDE/plugins/com.st.stm32cube.ide.mcu.externaltools.gnu-tools-for-stm32.12.3.rel1.win32_1.0.200.202406191623/tools/bin/../lib/gcc/arm-none-eabi/12.3.1/thumb/v6-m/nofp/crtn.o
 *(.fini)
 .fini          0x080032dc        0x4 C:/ST/STM32CubeIDE_1.16.0/STM32CubeIDE/plugins/com.st.stm32cube.ide.mcu.externaltools.gnu-tools-for-stm32.12.3.rel1.win32_1.0.200.202406191623/tools/bin/../lib/gcc/arm-none-eabi/12.3.1/thumb/v6-m/nofp/crti.o
                0x080032dc                _fini
 .fini          0x080032e0        0x8 C:/ST/STM32CubeIDE_1.16.0/STM32CubeIDE/plugins/com.st.stm32cube.ide.mcu.externaltools.gnu-tools-for-stm32.12.3.rel1.win32_1.0.200.202406191623/tools/bin/../lib/gcc/arm-none-eabi/12.3.1/thumb/v6-m/nofp/crtn.o
                0x080032e8                        . = ALIGN (0x4)
                0x080032e8                        _etext = .

.vfp11_veneer   0x080032e8        0x0
 .vfp11_veneer  0x080032e8        0x0 linker stubs

.v4_bx          0x080032e8        0x0
 .v4_bx         0x080032e8        0x0 linker stubs

.iplt           0x080032e8        0x0
 .iplt          0x080032e8        0x0 C:/ST/STM32CubeIDE_1.16.0/STM32CubeIDE/plugins/com.st.stm32cube.ide.mcu.externaltools.gnu-tools-for-stm32.12.3.rel1.win32_1.0.200.202406191623/tools/bin/../lib/gcc/arm-none-eabi/12.3.1/thumb/v6-m/nofp/crtbegin.o

.rodata         0x080032e8       0x78
                0x080032e8                        . = ALIGN (0x4)
 *(.rodata)
 *(.rodata*)
 .rodata.AHBPrescTable
                0x080032e8       0x40 ./Core/Src/system_stm32c0xx.o
                0x080032e8                AHBPrescTable
 .rodata.APBPrescTable
                0x08003328       0x20 ./Core/Src/system_stm32c0xx.o
                0x08003328                APBPrescTable
 .rodata.UARTPrescTable
                0x08003348       0x18 ./Drivers/STM32C0xx_HAL_Driver/stm32c0xx_hal_uart.o
                0x08003348                UARTPrescTable
                0x08003360                        . = ALIGN (0x4)

.ARM.extab      0x08003360        0x0
                0x08003360                        . = ALIGN (0x4)
 *(.ARM.extab* .gnu.linkonce.armextab.*)
                0x08003360                        . = ALIGN (0x4)

.ARM            0x08003360        0x0
                0x08003360                        . = ALIGN (0x4)
                0x08003360                        __exidx_start = .
 *(.ARM.exidx*)
                0x08003360                        __exidx_end = .
                0x08003360                        . = ALIGN (0x4)

.preinit_array  0x08003360        0x0
                0x08003360                        . = ALIGN (0x4)
                0x08003360                        PROVIDE (__preinit_array_start = .)
 *(.preinit_array*)
                0x08003360                        PROVIDE (__preinit_array_end = .)
                0x08003360                        . = ALIGN (0x4)

.init_array     0x08003360        0x4
                0x08003360                        . = ALIGN (0x4)
                0x08003360                        PROVIDE (__init_array_start = .)
 *(SORT_BY_NAME(.init_array.*))
 *(.init_array*)
 .init_array    0x08003360        0x4 C:/ST/STM32CubeIDE_1.16.0/STM32CubeIDE/plugins/com.st.stm32cube.ide.mcu.externaltools.gnu-tools-for-stm32.12.3.rel1.win32_1.0.200.202406191623/tools/bin/../lib/gcc/arm-none-eabi/12.3.1/thumb/v6-m/nofp/crtbegin.o
                0x08003364                        PROVIDE (__init_array_end = .)
                0x08003364                        . = ALIGN (0x4)

.fini_array     0x08003364        0x4
                0x08003364                        . = ALIGN (0x4)
                [!provide]                        PROVIDE (__fini_array_start = .)
 *(SORT_BY_NAME(.fini_array.*))
 *(.fini_array*)
 .fini_array    0x08003364        0x4 C:/ST/STM32CubeIDE_1.16.0/STM32CubeIDE/plugins/com.st.stm32cube.ide.mcu.externaltools.gnu-tools-for-stm32.12.3.rel1.win32_1.0.200.202406191623/tools/bin/../lib/gcc/arm-none-eabi/12.3.1/thumb/v6-m/nofp/crtbegin.o
                [!provide]                        PROVIDE (__fini_array_end = .)
                0x08003368                        . = ALIGN (0x4)
                0x08003368                        _sidata = LOADADDR (.data)

.rel.dyn        0x08003368        0x0
 .rel.iplt      0x08003368        0x0 C:/ST/STM32CubeIDE_1.16.0/STM32CubeIDE/plugins/com.st.stm32cube.ide.mcu.externaltools.gnu-tools-for-stm32.12.3.rel1.win32_1.0.200.202406191623/tools/bin/../lib/gcc/arm-none-eabi/12.3.1/thumb/v6-m/nofp/crtbegin.o

.data           0x20000000       0x14 load address 0x08003368
                0x20000000                        . = ALIGN (0x4)
                0x20000000                        _sdata = .
 *(.data)
 *(.data*)
 .data.paTable  0x20000000        0x8 ./Core/Src/cc1101.o
                0x20000000                paTable
 .data.SystemCoreClock
                0x20000008        0x4 ./Core/Src/system_stm32c0xx.o
                0x20000008                SystemCoreClock
 .data.uwTickPrio
                0x2000000c        0x4 ./Drivers/STM32C0xx_HAL_Driver/stm32c0xx_hal.o
                0x2000000c                uwTickPrio
 .data.uwTickFreq
                0x20000010        0x1 ./Drivers/STM32C0xx_HAL_Driver/stm32c0xx_hal.o
                0x20000010                uwTickFreq
 *(.RamFunc)
 *(.RamFunc*)
                0x20000014                        . = ALIGN (0x4)
 *fill*         0x20000011        0x3 
                0x20000014                        _edata = .

.igot.plt       0x20000014        0x0 load address 0x0800337c
 .igot.plt      0x20000014        0x0 C:/ST/STM32CubeIDE_1.16.0/STM32CubeIDE/plugins/com.st.stm32cube.ide.mcu.externaltools.gnu-tools-for-stm32.12.3.rel1.win32_1.0.200.202406191623/tools/bin/../lib/gcc/arm-none-eabi/12.3.1/thumb/v6-m/nofp/crtbegin.o
                0x20000014                        . = ALIGN (0x4)

.bss            0x20000014      0x11c load address 0x0800337c
                0x20000014                        _sbss = .
                0x20000014                        __bss_start__ = _sbss
 *(.bss)
 .bss           0x20000014       0x1c C:/ST/STM32CubeIDE_1.16.0/STM32CubeIDE/plugins/com.st.stm32cube.ide.mcu.externaltools.gnu-tools-for-stm32.12.3.rel1.win32_1.0.200.202406191623/tools/bin/../lib/gcc/arm-none-eabi/12.3.1/thumb/v6-m/nofp/crtbegin.o
 *(.bss*)
 .bss.hal_spi   0x20000030        0x4 ./Core/Src/cc1101.o
                0x20000030                hal_spi
 .bss.hspi1     0x20000034       0x64 ./Core/Src/spi.o
                0x20000034                hspi1
 .bss.huart2    0x20000098       0x94 ./Core/Src/usart.o
                0x20000098                huart2
 .bss.uwTick    0x2000012c        0x4 ./Drivers/STM32C0xx_HAL_Driver/stm32c0xx_hal.o
                0x2000012c                uwTick
 *(COMMON)
                0x20000130                        . = ALIGN (0x4)
                0x20000130                        _ebss = .
                0x20000130                        __bss_end__ = _ebss

._user_heap_stack
                0x20000130      0x600 load address 0x0800337c
                0x20000130                        . = ALIGN (0x8)
                [!provide]                        PROVIDE (end = .)
                0x20000130                        PROVIDE (_end = .)
                0x20000330                        . = (. + _Min_Heap_Size)
 *fill*         0x20000130      0x200 
                0x20000730                        . = (. + _Min_Stack_Size)
 *fill*         0x20000330      0x400 
                0x20000730                        . = ALIGN (0x8)

/DISCARD/
 libc.a(*)
 libm.a(*)
 libgcc.a(*)

.ARM.attributes
                0x00000000       0x28
 *(.ARM.attributes)
 .ARM.attributes
                0x00000000       0x1e C:/ST/STM32CubeIDE_1.16.0/STM32CubeIDE/plugins/com.st.stm32cube.ide.mcu.externaltools.gnu-tools-for-stm32.12.3.rel1.win32_1.0.200.202406191623/tools/bin/../lib/gcc/arm-none-eabi/12.3.1/thumb/v6-m/nofp/crti.o
 .ARM.attributes
                0x0000001e       0x2c C:/ST/STM32CubeIDE_1.16.0/STM32CubeIDE/plugins/com.st.stm32cube.ide.mcu.externaltools.gnu-tools-for-stm32.12.3.rel1.win32_1.0.200.202406191623/tools/bin/../lib/gcc/arm-none-eabi/12.3.1/thumb/v6-m/nofp/crtbegin.o
 .ARM.attributes
                0x0000004a       0x2c ./Core/Src/cc1101.o
 .ARM.attributes
                0x00000076       0x2c ./Core/Src/gpio.o
 .ARM.attributes
                0x000000a2       0x2c ./Core/Src/main.o
 .ARM.attributes
                0x000000ce       0x2c ./Core/Src/spi.o
 .ARM.attributes
                0x000000fa       0x2c ./Core/Src/stm32c0xx_hal_msp.o
 .ARM.attributes
                0x00000126       0x2c ./Core/Src/stm32c0xx_it.o
 .ARM.attributes
                0x00000152       0x2c ./Core/Src/system_stm32c0xx.o
 .ARM.attributes
                0x0000017e       0x2c ./Core/Src/usart.o
 .ARM.attributes
                0x000001aa       0x22 ./Core/Startup/startup_stm32c011f4px.o
 .ARM.attributes
                0x000001cc       0x2c ./Drivers/STM32C0xx_HAL_Driver/stm32c0xx_hal.o
 .ARM.attributes
                0x000001f8       0x2c ./Drivers/STM32C0xx_HAL_Driver/stm32c0xx_hal_cortex.o
 .ARM.attributes
                0x00000224       0x2c ./Drivers/STM32C0xx_HAL_Driver/stm32c0xx_hal_gpio.o
 .ARM.attributes
                0x00000250       0x2c ./Drivers/STM32C0xx_HAL_Driver/stm32c0xx_hal_rcc.o
 .ARM.attributes
                0x0000027c       0x2c ./Drivers/STM32C0xx_HAL_Driver/stm32c0xx_hal_rcc_ex.o
 .ARM.attributes
                0x000002a8       0x2c ./Drivers/STM32C0xx_HAL_Driver/stm32c0xx_hal_spi.o
 .ARM.attributes
                0x000002d4       0x2c ./Drivers/STM32C0xx_HAL_Driver/stm32c0xx_hal_uart.o
 .ARM.attributes
                0x00000300       0x2c C:/ST/STM32CubeIDE_1.16.0/STM32CubeIDE/plugins/com.st.stm32cube.ide.mcu.externaltools.gnu-tools-for-stm32.12.3.rel1.win32_1.0.200.202406191623/tools/bin/../lib/gcc/arm-none-eabi/12.3.1/../../../../arm-none-eabi/lib/thumb/v6-m/nofp\libc_nano.a(libc_a-memset.o)
 .ARM.attributes
                0x0000032c       0x2c C:/ST/STM32CubeIDE_1.16.0/STM32CubeIDE/plugins/com.st.stm32cube.ide.mcu.externaltools.gnu-tools-for-stm32.12.3.rel1.win32_1.0.200.202406191623/tools/bin/../lib/gcc/arm-none-eabi/12.3.1/../../../../arm-none-eabi/lib/thumb/v6-m/nofp\libc_nano.a(libc_a-init.o)
 .ARM.attributes
                0x00000358       0x1e C:/ST/STM32CubeIDE_1.16.0/STM32CubeIDE/plugins/com.st.stm32cube.ide.mcu.externaltools.gnu-tools-for-stm32.12.3.rel1.win32_1.0.200.202406191623/tools/bin/../lib/gcc/arm-none-eabi/12.3.1/thumb/v6-m/nofp\libgcc.a(_udivsi3.o)
 .ARM.attributes
                0x00000376       0x1e C:/ST/STM32CubeIDE_1.16.0/STM32CubeIDE/plugins/com.st.stm32cube.ide.mcu.externaltools.gnu-tools-for-stm32.12.3.rel1.win32_1.0.200.202406191623/tools/bin/../lib/gcc/arm-none-eabi/12.3.1/thumb/v6-m/nofp\libgcc.a(_dvmd_tls.o)
 .ARM.attributes
                0x00000394       0x1e C:/ST/STM32CubeIDE_1.16.0/STM32CubeIDE/plugins/com.st.stm32cube.ide.mcu.externaltools.gnu-tools-for-stm32.12.3.rel1.win32_1.0.200.202406191623/tools/bin/../lib/gcc/arm-none-eabi/12.3.1/thumb/v6-m/nofp/crtn.o
OUTPUT(Fob.elf elf32-littlearm)
LOAD linker stubs
LOAD C:/ST/STM32CubeIDE_1.16.0/STM32CubeIDE/plugins/com.st.stm32cube.ide.mcu.externaltools.gnu-tools-for-stm32.12.3.rel1.win32_1.0.200.202406191623/tools/bin/../lib/gcc/arm-none-eabi/12.3.1/../../../../arm-none-eabi/lib/thumb/v6-m/nofp\libc.a
LOAD C:/ST/STM32CubeIDE_1.16.0/STM32CubeIDE/plugins/com.st.stm32cube.ide.mcu.externaltools.gnu-tools-for-stm32.12.3.rel1.win32_1.0.200.202406191623/tools/bin/../lib/gcc/arm-none-eabi/12.3.1/../../../../arm-none-eabi/lib/thumb/v6-m/nofp\libm.a
LOAD C:/ST/STM32CubeIDE_1.16.0/STM32CubeIDE/plugins/com.st.stm32cube.ide.mcu.externaltools.gnu-tools-for-stm32.12.3.rel1.win32_1.0.200.202406191623/tools/bin/../lib/gcc/arm-none-eabi/12.3.1/thumb/v6-m/nofp\libgcc.a

.debug_info     0x00000000     0xbe62
 .debug_info    0x00000000      0xf23 ./Core/Src/cc1101.o
 .debug_info    0x00000f23      0x390 ./Core/Src/gpio.o
 .debug_info    0x000012b3      0xd14 ./Core/Src/main.o
 .debug_info    0x00001fc7      0xa62 ./Core/Src/spi.o
 .debug_info    0x00002a29      0x217 ./Core/Src/stm32c0xx_hal_msp.o
 .debug_info    0x00002c40       0xd3 ./Core/Src/stm32c0xx_it.o
 .debug_info    0x00002d13      0x373 ./Core/Src/system_stm32c0xx.o
 .debug_info    0x00003086      0xad1 ./Core/Src/usart.o
 .debug_info    0x00003b57       0x30 ./Core/Startup/startup_stm32c011f4px.o
 .debug_info    0x00003b87      0x832 ./Drivers/STM32C0xx_HAL_Driver/stm32c0xx_hal.o
 .debug_info    0x000043b9      0x876 ./Drivers/STM32C0xx_HAL_Driver/stm32c0xx_hal_cortex.o
 .debug_info    0x00004c2f      0x5b7 ./Drivers/STM32C0xx_HAL_Driver/stm32c0xx_hal_gpio.o
 .debug_info    0x000051e6      0x912 ./Drivers/STM32C0xx_HAL_Driver/stm32c0xx_hal_rcc.o
 .debug_info    0x00005af8      0x551 ./Drivers/STM32C0xx_HAL_Driver/stm32c0xx_hal_rcc_ex.o
 .debug_info    0x00006049     0x1632 ./Drivers/STM32C0xx_HAL_Driver/stm32c0xx_hal_spi.o
 .debug_info    0x0000767b     0x47e7 ./Drivers/STM32C0xx_HAL_Driver/stm32c0xx_hal_uart.o

.debug_abbrev   0x00000000     0x1e33
 .debug_abbrev  0x00000000      0x297 ./Core/Src/cc1101.o
 .debug_abbrev  0x00000297      0x159 ./Core/Src/gpio.o
 .debug_abbrev  0x000003f0      0x258 ./Core/Src/main.o
 .debug_abbrev  0x00000648      0x1f9 ./Core/Src/spi.o
 .debug_abbrev  0x00000841       0xd6 ./Core/Src/stm32c0xx_hal_msp.o
 .debug_abbrev  0x00000917       0x73 ./Core/Src/stm32c0xx_it.o
 .debug_abbrev  0x0000098a      0x119 ./Core/Src/system_stm32c0xx.o
 .debug_abbrev  0x00000aa3      0x1f5 ./Core/Src/usart.o
 .debug_abbrev  0x00000c98       0x24 ./Core/Startup/startup_stm32c011f4px.o
 .debug_abbrev  0x00000cbc      0x2cb ./Drivers/STM32C0xx_HAL_Driver/stm32c0xx_hal.o
 .debug_abbrev  0x00000f87      0x2b7 ./Drivers/STM32C0xx_HAL_Driver/stm32c0xx_hal_cortex.o
 .debug_abbrev  0x0000123e      0x1d6 ./Drivers/STM32C0xx_HAL_Driver/stm32c0xx_hal_gpio.o
 .debug_abbrev  0x00001414      0x28b ./Drivers/STM32C0xx_HAL_Driver/stm32c0xx_hal_rcc.o
 .debug_abbrev  0x0000169f      0x225 ./Drivers/STM32C0xx_HAL_Driver/stm32c0xx_hal_rcc_ex.o
 .debug_abbrev  0x000018c4      0x25b ./Drivers/STM32C0xx_HAL_Driver/stm32c0xx_hal_spi.o
 .debug_abbrev  0x00001b1f      0x314 ./Drivers/STM32C0xx_HAL_Driver/stm32c0xx_hal_uart.o

.debug_aranges  0x00000000      0x938
 .debug_aranges
                0x00000000       0x88 ./Core/Src/cc1101.o
 .debug_aranges
                0x00000088       0x20 ./Core/Src/gpio.o
 .debug_aranges
                0x000000a8       0x30 ./Core/Src/main.o
 .debug_aranges
                0x000000d8       0x30 ./Core/Src/spi.o
 .debug_aranges
                0x00000108       0x20 ./Core/Src/stm32c0xx_hal_msp.o
 .debug_aranges
                0x00000128       0x40 ./Core/Src/stm32c0xx_it.o
 .debug_aranges
                0x00000168       0x28 ./Core/Src/system_stm32c0xx.o
 .debug_aranges
                0x00000190       0x30 ./Core/Src/usart.o
 .debug_aranges
                0x000001c0       0x28 ./Core/Startup/startup_stm32c011f4px.o
 .debug_aranges
                0x000001e8      0x100 ./Drivers/STM32C0xx_HAL_Driver/stm32c0xx_hal.o
 .debug_aranges
                0x000002e8       0xe8 ./Drivers/STM32C0xx_HAL_Driver/stm32c0xx_hal_cortex.o
 .debug_aranges
                0x000003d0       0x68 ./Drivers/STM32C0xx_HAL_Driver/stm32c0xx_hal_gpio.o
 .debug_aranges
                0x00000438       0xa0 ./Drivers/STM32C0xx_HAL_Driver/stm32c0xx_hal_rcc.o
 .debug_aranges
                0x000004d8       0x40 ./Drivers/STM32C0xx_HAL_Driver/stm32c0xx_hal_rcc_ex.o
 .debug_aranges
                0x00000518      0x1d8 ./Drivers/STM32C0xx_HAL_Driver/stm32c0xx_hal_spi.o
 .debug_aranges
                0x000006f0      0x248 ./Drivers/STM32C0xx_HAL_Driver/stm32c0xx_hal_uart.o

.debug_rnglists
                0x00000000      0x716
 .debug_rnglists
                0x00000000       0x66 ./Core/Src/cc1101.o
 .debug_rnglists
                0x00000066       0x14 ./Core/Src/gpio.o
 .debug_rnglists
                0x0000007a       0x20 ./Core/Src/main.o
 .debug_rnglists
                0x0000009a       0x20 ./Core/Src/spi.o
 .debug_rnglists
                0x000000ba       0x13 ./Core/Src/stm32c0xx_hal_msp.o
 .debug_rnglists
                0x000000cd       0x2b ./Core/Src/stm32c0xx_it.o
 .debug_rnglists
                0x000000f8       0x1a ./Core/Src/system_stm32c0xx.o
 .debug_rnglists
                0x00000112       0x20 ./Core/Src/usart.o
 .debug_rnglists
                0x00000132       0x19 ./Core/Startup/startup_stm32c011f4px.o
 .debug_rnglists
                0x0000014b       0xbc ./Drivers/STM32C0xx_HAL_Driver/stm32c0xx_hal.o
 .debug_rnglists
                0x00000207       0xaa ./Drivers/STM32C0xx_HAL_Driver/stm32c0xx_hal_cortex.o
 .debug_rnglists
                0x000002b1       0x4b ./Drivers/STM32C0xx_HAL_Driver/stm32c0xx_hal_gpio.o
 .debug_rnglists
                0x000002fc       0x78 ./Drivers/STM32C0xx_HAL_Driver/stm32c0xx_hal_rcc.o
 .debug_rnglists
                0x00000374       0x2d ./Drivers/STM32C0xx_HAL_Driver/stm32c0xx_hal_rcc_ex.o
 .debug_rnglists
                0x000003a1      0x17a ./Drivers/STM32C0xx_HAL_Driver/stm32c0xx_hal_spi.o
 .debug_rnglists
                0x0000051b      0x1fb ./Drivers/STM32C0xx_HAL_Driver/stm32c0xx_hal_uart.o

.debug_macro    0x00000000    0x13af2
 .debug_macro   0x00000000      0x381 ./Core/Src/cc1101.o
 .debug_macro   0x00000381      0xa8a ./Core/Src/cc1101.o
 .debug_macro   0x00000e0b       0x22 ./Core/Src/cc1101.o
 .debug_macro   0x00000e2d       0x5b ./Core/Src/cc1101.o
 .debug_macro   0x00000e88       0x24 ./Core/Src/cc1101.o
 .debug_macro   0x00000eac       0x94 ./Core/Src/cc1101.o
 .debug_macro   0x00000f40       0x43 ./Core/Src/cc1101.o
 .debug_macro   0x00000f83       0x34 ./Core/Src/cc1101.o
 .debug_macro   0x00000fb7      0x189 ./Core/Src/cc1101.o
 .debug_macro   0x00001140       0x16 ./Core/Src/cc1101.o
 .debug_macro   0x00001156       0x43 ./Core/Src/cc1101.o
 .debug_macro   0x00001199       0x57 ./Core/Src/cc1101.o
 .debug_macro   0x000011f0       0x34 ./Core/Src/cc1101.o
 .debug_macro   0x00001224       0x10 ./Core/Src/cc1101.o
 .debug_macro   0x00001234       0x58 ./Core/Src/cc1101.o
 .debug_macro   0x0000128c       0x8e ./Core/Src/cc1101.o
 .debug_macro   0x0000131a       0x1c ./Core/Src/cc1101.o
 .debug_macro   0x00001336      0x177 ./Core/Src/cc1101.o
 .debug_macro   0x000014ad      0x369 ./Core/Src/cc1101.o
 .debug_macro   0x00001816       0x10 ./Core/Src/cc1101.o
 .debug_macro   0x00001826       0x35 ./Core/Src/cc1101.o
 .debug_macro   0x0000185b       0x20 ./Core/Src/cc1101.o
 .debug_macro   0x0000187b       0x16 ./Core/Src/cc1101.o
 .debug_macro   0x00001891       0x16 ./Core/Src/cc1101.o
 .debug_macro   0x000018a7       0x29 ./Core/Src/cc1101.o
 .debug_macro   0x000018d0       0x1c ./Core/Src/cc1101.o
 .debug_macro   0x000018ec       0x10 ./Core/Src/cc1101.o
 .debug_macro   0x000018fc       0x1c ./Core/Src/cc1101.o
 .debug_macro   0x00001918       0x16 ./Core/Src/cc1101.o
 .debug_macro   0x0000192e      0x146 ./Core/Src/cc1101.o
 .debug_macro   0x00001a74      0x103 ./Core/Src/cc1101.o
 .debug_macro   0x00001b77       0x6a ./Core/Src/cc1101.o
 .debug_macro   0x00001be1      0x1df ./Core/Src/cc1101.o
 .debug_macro   0x00001dc0       0x2e ./Core/Src/cc1101.o
 .debug_macro   0x00001dee       0x28 ./Core/Src/cc1101.o
 .debug_macro   0x00001e16       0x1c ./Core/Src/cc1101.o
 .debug_macro   0x00001e32       0x22 ./Core/Src/cc1101.o
 .debug_macro   0x00001e54       0xd1 ./Core/Src/cc1101.o
 .debug_macro   0x00001f25      0x4da ./Core/Src/cc1101.o
 .debug_macro   0x000023ff      0x11f ./Core/Src/cc1101.o
 .debug_macro   0x0000251e     0x8fa0 ./Core/Src/cc1101.o
 .debug_macro   0x0000b4be       0x6c ./Core/Src/cc1101.o
 .debug_macro   0x0000b52a      0x198 ./Core/Src/cc1101.o
 .debug_macro   0x0000b6c2       0xe9 ./Core/Src/cc1101.o
 .debug_macro   0x0000b7ab     0x3440 ./Core/Src/cc1101.o
 .debug_macro   0x0000ebeb       0x55 ./Core/Src/cc1101.o
 .debug_macro   0x0000ec40      0x397 ./Core/Src/cc1101.o
 .debug_macro   0x0000efd7      0xb24 ./Core/Src/cc1101.o
 .debug_macro   0x0000fafb      0x145 ./Core/Src/cc1101.o
 .debug_macro   0x0000fc40      0x15f ./Core/Src/cc1101.o
 .debug_macro   0x0000fd9f      0x174 ./Core/Src/cc1101.o
 .debug_macro   0x0000ff13      0x264 ./Core/Src/cc1101.o
 .debug_macro   0x00010177      0x17e ./Core/Src/cc1101.o
 .debug_macro   0x000102f5       0x43 ./Core/Src/cc1101.o
 .debug_macro   0x00010338      0x1f1 ./Core/Src/cc1101.o
 .debug_macro   0x00010529      0x1aa ./Core/Src/cc1101.o
 .debug_macro   0x000106d3      0x367 ./Core/Src/cc1101.o
 .debug_macro   0x00010a3a       0x28 ./Core/Src/cc1101.o
 .debug_macro   0x00010a62       0xb3 ./Core/Src/cc1101.o
 .debug_macro   0x00010b15      0x104 ./Core/Src/cc1101.o
 .debug_macro   0x00010c19       0xef ./Core/Src/cc1101.o
 .debug_macro   0x00010d08      0x2fe ./Core/Src/cc1101.o
 .debug_macro   0x00011006      0x67e ./Core/Src/cc1101.o
 .debug_macro   0x00011684       0xa6 ./Core/Src/cc1101.o
 .debug_macro   0x0001172a      0x3c2 ./Core/Src/cc1101.o
 .debug_macro   0x00011aec       0x34 ./Core/Src/cc1101.o
 .debug_macro   0x00011b20      0x218 ./Core/Src/cc1101.o
 .debug_macro   0x00011d38      0x1ea ./Core/Src/gpio.o
 .debug_macro   0x00011f22       0x8e ./Core/Src/gpio.o
 .debug_macro   0x00011fb0       0x51 ./Core/Src/gpio.o
 .debug_macro   0x00012001       0x5b ./Core/Src/gpio.o
 .debug_macro   0x0001205c      0x34f ./Core/Src/main.o
 .debug_macro   0x000123ab       0x61 ./Core/Src/main.o
 .debug_macro   0x0001240c      0x1ea ./Core/Src/spi.o
 .debug_macro   0x000125f6      0x1e0 ./Core/Src/stm32c0xx_hal_msp.o
 .debug_macro   0x000127d6      0x1ea ./Core/Src/stm32c0xx_it.o
 .debug_macro   0x000129c0      0x1d7 ./Core/Src/system_stm32c0xx.o
 .debug_macro   0x00012b97      0x1ea ./Core/Src/usart.o
 .debug_macro   0x00012d81      0x1ef ./Drivers/STM32C0xx_HAL_Driver/stm32c0xx_hal.o
 .debug_macro   0x00012f70      0x1d1 ./Drivers/STM32C0xx_HAL_Driver/stm32c0xx_hal_cortex.o
 .debug_macro   0x00013141      0x206 ./Drivers/STM32C0xx_HAL_Driver/stm32c0xx_hal_gpio.o
 .debug_macro   0x00013347      0x201 ./Drivers/STM32C0xx_HAL_Driver/stm32c0xx_hal_rcc.o
 .debug_macro   0x00013548      0x1e3 ./Drivers/STM32C0xx_HAL_Driver/stm32c0xx_hal_rcc_ex.o
 .debug_macro   0x0001372b      0x1d9 ./Drivers/STM32C0xx_HAL_Driver/stm32c0xx_hal_spi.o
 .debug_macro   0x00013904      0x1ee ./Drivers/STM32C0xx_HAL_Driver/stm32c0xx_hal_uart.o

.debug_line     0x00000000     0xe25b
 .debug_line    0x00000000      0xc37 ./Core/Src/cc1101.o
 .debug_line    0x00000c37      0x87d ./Core/Src/gpio.o
 .debug_line    0x000014b4      0xab6 ./Core/Src/main.o
 .debug_line    0x00001f6a      0x8e8 ./Core/Src/spi.o
 .debug_line    0x00002852      0x85c ./Core/Src/stm32c0xx_hal_msp.o
 .debug_line    0x000030ae      0x8c0 ./Core/Src/stm32c0xx_it.o
 .debug_line    0x0000396e      0x8b8 ./Core/Src/system_stm32c0xx.o
 .debug_line    0x00004226      0x8cc ./Core/Src/usart.o
 .debug_line    0x00004af2       0x7d ./Core/Startup/startup_stm32c011f4px.o
 .debug_line    0x00004b6f      0xbc2 ./Drivers/STM32C0xx_HAL_Driver/stm32c0xx_hal.o
 .debug_line    0x00005731      0xce5 ./Drivers/STM32C0xx_HAL_Driver/stm32c0xx_hal_cortex.o
 .debug_line    0x00006416      0xcfa ./Drivers/STM32C0xx_HAL_Driver/stm32c0xx_hal_gpio.o
 .debug_line    0x00007110      0xe6c ./Drivers/STM32C0xx_HAL_Driver/stm32c0xx_hal_rcc.o
 .debug_line    0x00007f7c      0xb40 ./Drivers/STM32C0xx_HAL_Driver/stm32c0xx_hal_rcc_ex.o
 .debug_line    0x00008abc     0x215f ./Drivers/STM32C0xx_HAL_Driver/stm32c0xx_hal_spi.o
 .debug_line    0x0000ac1b     0x3640 ./Drivers/STM32C0xx_HAL_Driver/stm32c0xx_hal_uart.o

.debug_str      0x00000000    0x764b6
 .debug_str     0x00000000    0x73e80 ./Core/Src/cc1101.o
                              0x744fd (size before relaxing)
 .debug_str     0x00073e80      0x116 ./Core/Src/gpio.o
                              0x6fdbd (size before relaxing)
 .debug_str     0x00073f96      0x194 ./Core/Src/main.o
                              0x7442e (size before relaxing)
 .debug_str     0x0007412a      0x123 ./Core/Src/spi.o
                              0x7039a (size before relaxing)
 .debug_str     0x0007424d       0x2c ./Core/Src/stm32c0xx_hal_msp.o
                              0x6fcf2 (size before relaxing)
 .debug_str     0x00074279       0x82 ./Core/Src/stm32c0xx_it.o
                              0x6fc7d (size before relaxing)
 .debug_str     0x000742fb       0xbe ./Core/Src/system_stm32c0xx.o
                              0x6fcd2 (size before relaxing)
 .debug_str     0x000743b9       0x51 ./Core/Src/usart.o
                              0x70356 (size before relaxing)
 .debug_str     0x0007440a       0x44 ./Core/Startup/startup_stm32c011f4px.o
                                 0x8c (size before relaxing)
 .debug_str     0x0007444e      0x5d2 ./Drivers/STM32C0xx_HAL_Driver/stm32c0xx_hal.o
                              0x70300 (size before relaxing)
 .debug_str     0x00074a20      0x2e5 ./Drivers/STM32C0xx_HAL_Driver/stm32c0xx_hal_cortex.o
                              0x70123 (size before relaxing)
 .debug_str     0x00074d05      0x259 ./Drivers/STM32C0xx_HAL_Driver/stm32c0xx_hal_gpio.o
                              0x6ff02 (size before relaxing)
 .debug_str     0x00074f5e      0x4ad ./Drivers/STM32C0xx_HAL_Driver/stm32c0xx_hal_rcc.o
                              0x70301 (size before relaxing)
 .debug_str     0x0007540b      0x160 ./Drivers/STM32C0xx_HAL_Driver/stm32c0xx_hal_rcc_ex.o
                              0x6ff73 (size before relaxing)
 .debug_str     0x0007556b      0x5c1 ./Drivers/STM32C0xx_HAL_Driver/stm32c0xx_hal_spi.o
                              0x706ed (size before relaxing)
 .debug_str     0x00075b2c      0x98a ./Drivers/STM32C0xx_HAL_Driver/stm32c0xx_hal_uart.o
                              0x70c5a (size before relaxing)

.comment        0x00000000       0x43
 .comment       0x00000000       0x43 ./Core/Src/cc1101.o
                                 0x44 (size before relaxing)
 .comment       0x00000043       0x44 ./Core/Src/gpio.o
 .comment       0x00000043       0x44 ./Core/Src/main.o
 .comment       0x00000043       0x44 ./Core/Src/spi.o
 .comment       0x00000043       0x44 ./Core/Src/stm32c0xx_hal_msp.o
 .comment       0x00000043       0x44 ./Core/Src/stm32c0xx_it.o
 .comment       0x00000043       0x44 ./Core/Src/system_stm32c0xx.o
 .comment       0x00000043       0x44 ./Core/Src/usart.o
 .comment       0x00000043       0x44 ./Drivers/STM32C0xx_HAL_Driver/stm32c0xx_hal.o
 .comment       0x00000043       0x44 ./Drivers/STM32C0xx_HAL_Driver/stm32c0xx_hal_cortex.o
 .comment       0x00000043       0x44 ./Drivers/STM32C0xx_HAL_Driver/stm32c0xx_hal_gpio.o
 .comment       0x00000043       0x44 ./Drivers/STM32C0xx_HAL_Driver/stm32c0xx_hal_rcc.o
 .comment       0x00000043       0x44 ./Drivers/STM32C0xx_HAL_Driver/stm32c0xx_hal_rcc_ex.o
 .comment       0x00000043       0x44 ./Drivers/STM32C0xx_HAL_Driver/stm32c0xx_hal_spi.o
 .comment       0x00000043       0x44 ./Drivers/STM32C0xx_HAL_Driver/stm32c0xx_hal_uart.o

.debug_frame    0x00000000     0x1f68
 .debug_frame   0x00000000      0x1d8 ./Core/Src/cc1101.o
 .debug_frame   0x000001d8       0x30 ./Core/Src/gpio.o
 .debug_frame   0x00000208       0x6c ./Core/Src/main.o
 .debug_frame   0x00000274       0x6c ./Core/Src/spi.o
 .debug_frame   0x000002e0       0x30 ./Core/Src/stm32c0xx_hal_msp.o
 .debug_frame   0x00000310       0x9c ./Core/Src/stm32c0xx_it.o
 .debug_frame   0x000003ac       0x4c ./Core/Src/system_stm32c0xx.o
 .debug_frame   0x000003f8       0x6c ./Core/Src/usart.o
 .debug_frame   0x00000464      0x368 ./Drivers/STM32C0xx_HAL_Driver/stm32c0xx_hal.o
 .debug_frame   0x000007cc      0x33c ./Drivers/STM32C0xx_HAL_Driver/stm32c0xx_hal_cortex.o
 .debug_frame   0x00000b08      0x150 ./Drivers/STM32C0xx_HAL_Driver/stm32c0xx_hal_gpio.o
 .debug_frame   0x00000c58      0x214 ./Drivers/STM32C0xx_HAL_Driver/stm32c0xx_hal_rcc.o
 .debug_frame   0x00000e6c       0xac ./Drivers/STM32C0xx_HAL_Driver/stm32c0xx_hal_rcc_ex.o
 .debug_frame   0x00000f18      0x710 ./Drivers/STM32C0xx_HAL_Driver/stm32c0xx_hal_spi.o
 .debug_frame   0x00001628      0x8d4 ./Drivers/STM32C0xx_HAL_Driver/stm32c0xx_hal_uart.o
 .debug_frame   0x00001efc       0x20 C:/ST/STM32CubeIDE_1.16.0/STM32CubeIDE/plugins/com.st.stm32cube.ide.mcu.externaltools.gnu-tools-for-stm32.12.3.rel1.win32_1.0.200.202406191623/tools/bin/../lib/gcc/arm-none-eabi/12.3.1/../../../../arm-none-eabi/lib/thumb/v6-m/nofp\libc_nano.a(libc_a-memset.o)
 .debug_frame   0x00001f1c       0x2c C:/ST/STM32CubeIDE_1.16.0/STM32CubeIDE/plugins/com.st.stm32cube.ide.mcu.externaltools.gnu-tools-for-stm32.12.3.rel1.win32_1.0.200.202406191623/tools/bin/../lib/gcc/arm-none-eabi/12.3.1/../../../../arm-none-eabi/lib/thumb/v6-m/nofp\libc_nano.a(libc_a-init.o)
 .debug_frame   0x00001f48       0x20 C:/ST/STM32CubeIDE_1.16.0/STM32CubeIDE/plugins/com.st.stm32cube.ide.mcu.externaltools.gnu-tools-for-stm32.12.3.rel1.win32_1.0.200.202406191623/tools/bin/../lib/gcc/arm-none-eabi/12.3.1/thumb/v6-m/nofp\libgcc.a(_udivsi3.o)

.debug_line_str
                0x00000000       0x70
 .debug_line_str
                0x00000000       0x70 ./Core/Startup/startup_stm32c011f4px.o
